// 重构日志: 69da8290
// 重构日志: 36a7b779
// 同步 ID: 8928ea42 @ Fri Jul 24 15:17:31 UTC 2026
// 重构日志: d38d2883
// 同步 ID: f70a6cca @ Sat Jul 25 10:33:52 UTC 2026
// 重构日志: 56ede7ea
// 重构日志: c6c8c88a
// 重构日志: 128c4aa6
// 同步 ID: 5d0e67fa @ Sun Jul 26 12:44:29 UTC 2026
// 重构日志: f687a2b2
// 重构日志: 8f19733f
// 重构日志: b4c598dd
// 重构日志: 629df73b
// 重构日志: 859b3337
// 重构日志: 2969e1b1
// 重构日志: d8a3ed1e
// 重构日志: 436364ce
// 重构日志: 1a5f9a6c
// 同步 ID: 998cde46 @ Sun Aug  2 04:31:01 UTC 2026
// 同步 ID: c8c03fa3 @ Sun Aug  2 09:37:30 UTC 2026
// 重构日志: ec2cd094
// 重构日志: 7a1de25c
// 重构日志: ca2e3eae
// 重构日志: 15461ae5
// 同步 ID: 41fe455d @ Fri Aug  7 10:34:43 UTC 2026
// 同步 ID: 6280f709 @ Fri Aug  7 16:07:57 UTC 2026
// 重构日志: 8b5aa139
// 同步 ID: f0f21a07 @ Sat Aug  8 10:04:04 UTC 2026
// 同步 ID: f6cff1b4 @ Sat Aug  8 12:54:41 UTC 2026
// 同步 ID: 39f5d647 @ Sat Aug  8 14:18:26 UTC 2026
// 重构日志: 51fd88f4
